#-----------------------------------------------------------
# Webtalk v2020.2 (64-bit)
# SW Build 3064766 on Wed Nov 18 09:12:45 MST 2020
# IP Build 3064653 on Wed Nov 18 14:17:31 MST 2020
# Start of session at: Tue Apr 27 16:48:51 2021
# Process ID: 22644
# Current directory: C:/Users/robdj/Documents/DVI_PASSTHROUGH_CAPS/HDMI_OUT_SIMPLE_TEST/hdmi_out_simple/hdmi_out_simple.sim/sim_1/behav/xsim
# Command line: wbtcv.exe -mode batch -source C:/Users/robdj/Documents/DVI_PASSTHROUGH_CAPS/HDMI_OUT_SIMPLE_TEST/hdmi_out_simple/hdmi_out_simple.sim/sim_1/behav/xsim/xsim.dir/HDMI_test_TB_behav/webtalk/xsim_webtalk.tcl -notrace
# Log file: C:/Users/robdj/Documents/DVI_PASSTHROUGH_CAPS/HDMI_OUT_SIMPLE_TEST/hdmi_out_simple/hdmi_out_simple.sim/sim_1/behav/xsim/webtalk.log
# Journal file: C:/Users/robdj/Documents/DVI_PASSTHROUGH_CAPS/HDMI_OUT_SIMPLE_TEST/hdmi_out_simple/hdmi_out_simple.sim/sim_1/behav/xsim\webtalk.jou
#-----------------------------------------------------------
source C:/Users/robdj/Documents/DVI_PASSTHROUGH_CAPS/HDMI_OUT_SIMPLE_TEST/hdmi_out_simple/hdmi_out_simple.sim/sim_1/behav/xsim/xsim.dir/HDMI_test_TB_behav/webtalk/xsim_webtalk.tcl -notrace
